// Jest Snapshot v1, https://goo.gl/fbAQLP

exports[`LandingPage Component Matches snapshot 1`] = `ShallowWrapper {}`;
