// Jest Snapshot v1, https://goo.gl/fbAQLP

exports[`Select Component Renders a Select component 1`] = `ShallowWrapper {}`;
