// Jest Snapshot v1, https://goo.gl/fbAQLP

exports[`Feedback Component Renders a Feedback component 1`] = `ShallowWrapper {}`;
