// Jest Snapshot v1, https://goo.gl/fbAQLP

exports[`LandingFooter Component Renders a Footer component 1`] = `ShallowWrapper {}`;
