// Jest Snapshot v1, https://goo.gl/fbAQLP

exports[`Spinner Component Renders a Spinner component 1`] = `ShallowWrapper {}`;
