// Jest Snapshot v1, https://goo.gl/fbAQLP

exports[`Button Component Renders a button component 1`] = `ShallowWrapper {}`;
