// Jest Snapshot v1, https://goo.gl/fbAQLP

exports[`Test new logo checks whether the component rendered correctly 1`] = `ShallowWrapper {}`;
