// Jest Snapshot v1, https://goo.gl/fbAQLP

exports[`NewHeader component test checks the snapshot 1`] = `ShallowWrapper {}`;
