// Jest Snapshot v1, https://goo.gl/fbAQLP

exports[`NavLogo Component Renders correctly 1`] = `ShallowWrapper {}`;
