// Jest Snapshot v1, https://goo.gl/fbAQLP

exports[`Logo Component Renders a Logo component 1`] = `ShallowWrapper {}`;
